{"version":2,"tests":[{"uniformPath":"ObjectiveCTest/testFailingTest","duration":4.822303056716919,"result":"FAILURE"},{"uniformPath":"ObjectiveCTest/testFailingTestWithMessage","duration":0.00336301326751709,"result":"FAILURE"},{"uniformPath":"ObjectiveCTest/testSuccessfulTest","duration":0.001073002815246582,"result":"PASSED"},{"uniformPath":"ObjectiveCTestWithFailingSetup/testWithSetup","duration":0.006008028984069824,"result":"FAILURE"},{"uniformPath":"SwiftTest/testFailingTest()","duration":0.003284931182861328,"result":"FAILURE"},{"uniformPath":"SwiftTest/testFailingTestWithMessage()","duration":0.0026209354400634766,"result":"FAILURE"},{"uniformPath":"SwiftTest/testSkippedTest()","duration":0.004817962646484375,"result":"SKIPPED"},{"uniformPath":"SwiftTest/testSuccessfulTest()","duration":0.0010679960250854492,"result":"PASSED"},{"uniformPath":"SwiftTest/testTestWithExpectedFailure()","duration":0.004016995429992676,"result":"PASSED"},{"uniformPath":"SwiftTest/testTestWithExpectedFailureAndUnexpectedFailure()","duration":0.0053598880767822266,"result":"FAILURE"},{"uniformPath":"SwiftTestWithFailingSetup/testWithSetup()","duration":0.009382963180541992,"result":"FAILURE"}]}